
Memory Configuration

Name             Origin             Length             Attributes
*default*        0x00000000         0xffffffff

Linker script and memory map

LOAD build/main.o
LOAD build/jtag.o
LOAD build/framebuffer.o
LOAD build/draw.o
LOAD build/data.o
LOAD uart.o
LOAD gpio.o

.init           0x00008000        0x4
 *(.init)
 .init          0x00008000        0x4 build/main.o
                0x00008000                _start

.data           0x00009080   0x185870
 *(.data)
 .data          0x00009080        0x0 build/main.o
 .data          0x00009080        0x0 build/jtag.o
 .data          0x00009080       0x70 build/framebuffer.o
                0x000090e0                FrameBufferPointer
 .data          0x000090f0        0x0 build/draw.o
 .data          0x000090f0   0x185800 build/data.o
                0x000090f0                background
                0x001890f0                ground
 .data          0x0018e8f0        0x0 uart.o
 .data          0x0018e8f0        0x0 gpio.o
 *.c.o(*)

.igot.plt       0x0018e8f0        0x0
 .igot.plt      0x00000000        0x0 build/main.o

.text           0x0018e8f0      0x520
 *.c.o(.text)
 *(.text)
 .text          0x0018e8f0       0x20 build/main.o
 .text          0x0018e910       0x8c build/jtag.o
                0x0018e910                EnableJTAG
 .text          0x0018e99c       0x80 build/framebuffer.o
                0x0018e99c                InitFrameBuffer
 .text          0x0018ea1c      0x164 build/draw.o
                0x0018ea1c                clearScreen
                0x0018ea90                drawBG
                0x0018eadc                drawGround
 .text          0x0018eb80        0x0 build/data.o
 .text          0x0018eb80      0x1b8 uart.o
                0x0018eb80                InitUART
                0x0018ec40                PutCharUART
                0x0018ec5c                GetCharUART
                0x0018ec78                WriteStringUART
                0x0018eca8                ReadLineUART
 .text          0x0018ed38       0xd8 gpio.o
                0x0018ed38                GetGpioAddress
                0x0018ed40                SetGpioFunction
                0x0018ed8c                SetGpio
                0x0018edc8                GetGpio
OUTPUT(build/output.elf elf32-littlearm)

.glue_7         0x0018ee10        0x0
 .glue_7        0x00000000        0x0 linker stubs

.glue_7t        0x0018ee10        0x0
 .glue_7t       0x00000000        0x0 linker stubs

.vfp11_veneer   0x0018ee10        0x0
 .vfp11_veneer  0x00000000        0x0 linker stubs

.v4_bx          0x0018ee10        0x0
 .v4_bx         0x00000000        0x0 linker stubs

.iplt           0x0018ee10        0x0
 .iplt          0x00000000        0x0 build/main.o

.rel.dyn        0x0018ee10        0x0
 .rel.iplt      0x00000000        0x0 build/main.o

.bss            0x0018ee10        0x0
 .bss           0x0018ee10        0x0 build/main.o
 .bss           0x0018ee10        0x0 build/jtag.o
 .bss           0x0018ee10        0x0 build/framebuffer.o
 .bss           0x0018ee10        0x0 build/draw.o
 .bss           0x0018ee10        0x0 build/data.o
 .bss           0x0018ee10        0x0 uart.o
 .bss           0x0018ee10        0x0 gpio.o

.ARM.attributes
                0x00000000       0x29
 .ARM.attributes
                0x00000000       0x29 build/main.o
 .ARM.attributes
                0x00000029       0x29 build/jtag.o
 .ARM.attributes
                0x00000052       0x29 build/framebuffer.o
 .ARM.attributes
                0x0000007b       0x29 build/draw.o
 .ARM.attributes
                0x000000a4       0x29 build/data.o
 .ARM.attributes
                0x000000cd       0x29 uart.o
 .ARM.attributes
                0x000000f6       0x29 gpio.o

.debug_line     0x00000000      0x2e9
 .debug_line    0x00000000       0x51 build/main.o
 .debug_line    0x00000051       0x61 build/jtag.o
 .debug_line    0x000000b2       0x67 build/framebuffer.o
 .debug_line    0x00000119       0xa0 build/draw.o
 .debug_line    0x000001b9       0xb7 uart.o
 .debug_line    0x00000270       0x79 gpio.o

.debug_info     0x00000000      0x280
 .debug_info    0x00000000       0x60 build/main.o
 .debug_info    0x00000060       0x77 build/jtag.o
 .debug_info    0x000000d7       0x6b build/framebuffer.o
 .debug_info    0x00000142       0x64 build/draw.o
 .debug_info    0x000001a6       0x6d uart.o
 .debug_info    0x00000213       0x6d gpio.o

.debug_abbrev   0x00000000       0x76
 .debug_abbrev  0x00000000       0x12 build/main.o
 .debug_abbrev  0x00000012       0x14 build/jtag.o
 .debug_abbrev  0x00000026       0x14 build/framebuffer.o
 .debug_abbrev  0x0000003a       0x14 build/draw.o
 .debug_abbrev  0x0000004e       0x14 uart.o
 .debug_abbrev  0x00000062       0x14 gpio.o

.debug_aranges  0x00000000       0xc8
 .debug_aranges
                0x00000000       0x28 build/main.o
 .debug_aranges
                0x00000028       0x20 build/jtag.o
 .debug_aranges
                0x00000048       0x20 build/framebuffer.o
 .debug_aranges
                0x00000068       0x20 build/draw.o
 .debug_aranges
                0x00000088       0x20 uart.o
 .debug_aranges
                0x000000a8       0x20 gpio.o

.debug_ranges   0x00000000       0x20
 .debug_ranges  0x00000000       0x20 build/main.o
