
Memory Configuration

Name             Origin             Length             Attributes
*default*        0x00000000         0xffffffff

Linker script and memory map

LOAD build/_twolives.o
LOAD build/_threelives.o
LOAD build/_logo.o
LOAD build/controls.o
LOAD build/_quitbutton.o
LOAD build/_score.o
LOAD build/jtag.o
LOAD build/framebuffer.o
LOAD build/_sky.o
LOAD build/move.o
LOAD build/gamedata.o
LOAD build/draw.o
LOAD build/_playbutton.o
LOAD build/_creators.o
LOAD build/_flappy.o
LOAD build/SNES.o
LOAD build/_pipedownTop.o
LOAD build/main.o
LOAD build/_cursor.o
LOAD build/_pipeupTop.o
LOAD build/rules.o
LOAD build/_onelife.o
LOAD build/_pipeUp.o
LOAD build/_pipeDown.o
LOAD build/_flappysky.o
LOAD build/uptostart.o
LOAD build/_background.o
LOAD uart.o
LOAD gpio.o

.init           0x00008000        0x4
 *(.init)
 .init          0x00008000        0x4 build/main.o
                0x00008000                _start

.data           0x00009080   0x207088
 *(.data)
 .data          0x00009080     0x36d8 build/_twolives.o
                0x00009080                twoLives
 .data          0x0000c758     0x36d8 build/_threelives.o
                0x0000c758                threeLives
 .data          0x0000fe30    0x2ee00 build/_logo.o
                0x0000fe30                logo
 .data          0x0003ec30        0x0 build/controls.o
 .data          0x0003ec30     0x8ca0 build/_quitbutton.o
                0x0003ec30                quitButton
 .data          0x000478d0     0x7b0c build/_score.o
                0x000478d0                scoreLabel
                0x00049f7c                score0
                0x0004bb9c                score1
                0x0004d7bc                score2
 .data          0x0004f3dc        0x0 build/jtag.o
 *fill*         0x0004f3dc        0x4 3f3f3f3f
 .data          0x0004f3e0       0x70 build/framebuffer.o
                0x0004f440                FrameBufferPointer
 .data          0x0004f450     0x4e20 build/_sky.o
                0x0004f450                sky
 .data          0x00054270        0x0 build/move.o
 .data          0x00054270       0x58 build/gamedata.o
                0x00054270                flappyPos
                0x00054274                level1Pillar
                0x00054280                level2Pillar
                0x00054292                level3Pillar
                0x000542a4                level4Pillar
                0x000542bc                lives
                0x000542c0                score
                0x000542c4                level
 .data          0x000542c8        0x0 build/draw.o
 .data          0x000542c8     0x8ca0 build/_playbutton.o
                0x000542c8                playButton
 .data          0x0005cf68     0x8ca0 build/_creators.o
                0x0005cf68                creatorsNames
 .data          0x00065c08      0xdac build/_flappy.o
                0x00065c08                flappy
 .data          0x000669b4        0x0 build/SNES.o
 .data          0x000669b4     0x1988 build/_pipedownTop.o
                0x000669b4                pipedownTop
 .data          0x0006833c        0x0 build/main.o
 .data          0x0006833c     0x4e20 build/_cursor.o
                0x0006833c                cursor
 .data          0x0006d15c     0x1988 build/_pipeupTop.o
                0x0006d15c                pipeupTop
 .data          0x0006eae4        0x0 build/rules.o
 .data          0x0006eae4     0x36d8 build/_onelife.o
                0x0006eae4                oneLife
 .data          0x000721bc     0x3200 build/_pipeUp.o
                0x000721bc                pipeUp
 .data          0x000753bc     0x3200 build/_pipeDown.o
                0x000753bc                pipeDown
 .data          0x000785bc      0xdac build/_flappysky.o
                0x000785bc                flappySky
 .data          0x00079368    0x16da0 build/uptostart.o
                0x00079368                uptoStart
 .data          0x00090108   0x180000 build/_background.o
                0x00090108                background
 .data          0x00210108        0x0 uart.o
 .data          0x00210108        0x0 gpio.o
 *.c.o(*)

.igot.plt       0x00210108        0x0
 .igot.plt      0x00000000        0x0 build/controls.o

.text           0x00210108     0x1374
 *.c.o(.text)
 *(.text)
 .text          0x00210108        0x0 build/_twolives.o
 .text          0x00210108        0x0 build/_threelives.o
 .text          0x00210108        0x0 build/_logo.o
 .text          0x00210108       0xec build/controls.o
                0x00210108                menuControls
                0x00210180                waitforUp
                0x002101a4                startMove
 .text          0x002101f4        0x0 build/_quitbutton.o
 .text          0x002101f4        0x0 build/_score.o
 .text          0x002101f4       0x8c build/jtag.o
                0x002101f4                EnableJTAG
 .text          0x00210280       0x80 build/framebuffer.o
                0x00210280                InitFrameBuffer
 .text          0x00210300        0x0 build/_sky.o
 .text          0x00210300       0xec build/move.o
                0x00210300                upFlappy
                0x00210370                moveFlappy
 .text          0x002103ec        0x0 build/gamedata.o
 .text          0x002103ec      0x8c8 build/draw.o
                0x002103ec                clearScreen
                0x00210460                drawImage
                0x00210560                drawCursorPlay
                0x00210584                drawCursorQuit
                0x002105a8                clearCursorPlay
                0x002105cc                clearCursorQuit
                0x002105f0                drawFlappy
                0x00210614                drawuptoStart
                0x00210638                drawScoreLabel
                0x0021065c                drawScore
                0x0021067c                clearuptoStart
                0x00210718                drawthreeLives
                0x0021073c                drawtwoLives
                0x00210760                drawoneLife
                0x00210784                drawMenu
                0x002107a8                firstLevel
                0x0021095c                drawSecondLevel
 .text          0x00210cb4        0x0 build/_playbutton.o
 .text          0x00210cb4        0x0 build/_creators.o
 .text          0x00210cb4        0x0 build/_flappy.o
 .text          0x00210cb4      0x1e4 build/SNES.o
                0x00210cb4                Init_GPIO
                0x00210dd0                Read_SNES
 .text          0x00210e98        0x0 build/_pipedownTop.o
 .text          0x00210e98       0x24 build/main.o
                0x00210eb4                haltLoop$
 .text          0x00210ebc        0x0 build/_cursor.o
 .text          0x00210ebc        0x0 build/_pipeupTop.o
 .text          0x00210ebc      0x330 build/rules.o
                0x00210ebc                groundCheck
                0x00210ee4                pillarCheck
                0x0021103c                incScore
                0x00211098                incLevel
                0x00211128                loseLife
 .text          0x002111ec        0x0 build/_onelife.o
 .text          0x002111ec        0x0 build/_pipeUp.o
 .text          0x002111ec        0x0 build/_pipeDown.o
 .text          0x002111ec        0x0 build/_flappysky.o
 .text          0x002111ec        0x0 build/uptostart.o
 .text          0x002111ec        0x0 build/_background.o
 .text          0x002111ec      0x1b8 uart.o
                0x002111ec                InitUART
                0x002112ac                PutCharUART
                0x002112c8                GetCharUART
                0x002112e4                WriteStringUART
                0x00211314                ReadLineUART
 .text          0x002113a4       0xd8 gpio.o
                0x002113a4                GetGpioAddress
                0x002113ac                SetGpioFunction
                0x002113f8                SetGpio
                0x00211434                GetGpio
OUTPUT(build/output.elf elf32-littlearm)

.glue_7         0x0021147c        0x0
 .glue_7        0x00000000        0x0 linker stubs

.glue_7t        0x0021147c        0x0
 .glue_7t       0x00000000        0x0 linker stubs

.vfp11_veneer   0x0021147c        0x0
 .vfp11_veneer  0x00000000        0x0 linker stubs

.v4_bx          0x0021147c        0x0
 .v4_bx         0x00000000        0x0 linker stubs

.iplt           0x0021147c        0x0
 .iplt          0x00000000        0x0 build/controls.o

.rel.dyn        0x0021147c        0x0
 .rel.iplt      0x00000000        0x0 build/controls.o

.bss            0x0021147c        0x0
 .bss           0x0021147c        0x0 build/_twolives.o
 .bss           0x0021147c        0x0 build/_threelives.o
 .bss           0x0021147c        0x0 build/_logo.o
 .bss           0x0021147c        0x0 build/controls.o
 .bss           0x0021147c        0x0 build/_quitbutton.o
 .bss           0x0021147c        0x0 build/_score.o
 .bss           0x0021147c        0x0 build/jtag.o
 .bss           0x0021147c        0x0 build/framebuffer.o
 .bss           0x0021147c        0x0 build/_sky.o
 .bss           0x0021147c        0x0 build/move.o
 .bss           0x0021147c        0x0 build/gamedata.o
 .bss           0x0021147c        0x0 build/draw.o
 .bss           0x0021147c        0x0 build/_playbutton.o
 .bss           0x0021147c        0x0 build/_creators.o
 .bss           0x0021147c        0x0 build/_flappy.o
 .bss           0x0021147c        0x0 build/SNES.o
 .bss           0x0021147c        0x0 build/_pipedownTop.o
 .bss           0x0021147c        0x0 build/main.o
 .bss           0x0021147c        0x0 build/_cursor.o
 .bss           0x0021147c        0x0 build/_pipeupTop.o
 .bss           0x0021147c        0x0 build/rules.o
 .bss           0x0021147c        0x0 build/_onelife.o
 .bss           0x0021147c        0x0 build/_pipeUp.o
 .bss           0x0021147c        0x0 build/_pipeDown.o
 .bss           0x0021147c        0x0 build/_flappysky.o
 .bss           0x0021147c        0x0 build/uptostart.o
 .bss           0x0021147c        0x0 build/_background.o
 .bss           0x0021147c        0x0 uart.o
 .bss           0x0021147c        0x0 gpio.o

.ARM.attributes
                0x00000000       0x29
 .ARM.attributes
                0x00000000       0x29 build/_twolives.o
 .ARM.attributes
                0x00000029       0x29 build/_threelives.o
 .ARM.attributes
                0x00000052       0x29 build/_logo.o
 .ARM.attributes
                0x0000007b       0x29 build/controls.o
 .ARM.attributes
                0x000000a4       0x29 build/_quitbutton.o
 .ARM.attributes
                0x000000cd       0x29 build/_score.o
 .ARM.attributes
                0x000000f6       0x29 build/jtag.o
 .ARM.attributes
                0x0000011f       0x29 build/framebuffer.o
 .ARM.attributes
                0x00000148       0x29 build/_sky.o
 .ARM.attributes
                0x00000171       0x29 build/move.o
 .ARM.attributes
                0x0000019a       0x29 build/gamedata.o
 .ARM.attributes
                0x000001c3       0x29 build/draw.o
 .ARM.attributes
                0x000001ec       0x29 build/_playbutton.o
 .ARM.attributes
                0x00000215       0x29 build/_creators.o
 .ARM.attributes
                0x0000023e       0x29 build/_flappy.o
 .ARM.attributes
                0x00000267       0x29 build/SNES.o
 .ARM.attributes
                0x00000290       0x29 build/_pipedownTop.o
 .ARM.attributes
                0x000002b9       0x29 build/main.o
 .ARM.attributes
                0x000002e2       0x29 build/_cursor.o
 .ARM.attributes
                0x0000030b       0x29 build/_pipeupTop.o
 .ARM.attributes
                0x00000334       0x29 build/rules.o
 .ARM.attributes
                0x0000035d       0x29 build/_onelife.o
 .ARM.attributes
                0x00000386       0x29 build/_pipeUp.o
 .ARM.attributes
                0x000003af       0x29 build/_pipeDown.o
 .ARM.attributes
                0x000003d8       0x29 build/_flappysky.o
 .ARM.attributes
                0x00000401       0x29 build/uptostart.o
 .ARM.attributes
                0x0000042a       0x29 build/_background.o
 .ARM.attributes
                0x00000453       0x29 uart.o
 .ARM.attributes
                0x0000047c       0x29 gpio.o

.debug_line     0x00000000      0x7d1
 .debug_line    0x00000000       0x7c build/controls.o
 .debug_line    0x0000007c       0x61 build/jtag.o
 .debug_line    0x000000dd       0x67 build/framebuffer.o
 .debug_line    0x00000144       0x7c build/move.o
 .debug_line    0x000001c0      0x2aa build/draw.o
 .debug_line    0x0000046a       0xbc build/SNES.o
 .debug_line    0x00000526       0x52 build/main.o
 .debug_line    0x00000578      0x129 build/rules.o
 .debug_line    0x000006a1       0xb7 uart.o
 .debug_line    0x00000758       0x79 gpio.o

.debug_info     0x00000000      0x3f2
 .debug_info    0x00000000       0x66 build/controls.o
 .debug_info    0x00000066       0x62 build/jtag.o
 .debug_info    0x000000c8       0x69 build/framebuffer.o
 .debug_info    0x00000131       0x62 build/move.o
 .debug_info    0x00000193       0x62 build/draw.o
 .debug_info    0x000001f5       0x62 build/SNES.o
 .debug_info    0x00000257       0x5e build/main.o
 .debug_info    0x000002b5       0x63 build/rules.o
 .debug_info    0x00000318       0x6d uart.o
 .debug_info    0x00000385       0x6d gpio.o

.debug_abbrev   0x00000000       0xc6
 .debug_abbrev  0x00000000       0x14 build/controls.o
 .debug_abbrev  0x00000014       0x14 build/jtag.o
 .debug_abbrev  0x00000028       0x14 build/framebuffer.o
 .debug_abbrev  0x0000003c       0x14 build/move.o
 .debug_abbrev  0x00000050       0x14 build/draw.o
 .debug_abbrev  0x00000064       0x14 build/SNES.o
 .debug_abbrev  0x00000078       0x12 build/main.o
 .debug_abbrev  0x0000008a       0x14 build/rules.o
 .debug_abbrev  0x0000009e       0x14 uart.o
 .debug_abbrev  0x000000b2       0x14 gpio.o

.debug_aranges  0x00000000      0x148
 .debug_aranges
                0x00000000       0x20 build/controls.o
 .debug_aranges
                0x00000020       0x20 build/jtag.o
 .debug_aranges
                0x00000040       0x20 build/framebuffer.o
 .debug_aranges
                0x00000060       0x20 build/move.o
 .debug_aranges
                0x00000080       0x20 build/draw.o
 .debug_aranges
                0x000000a0       0x20 build/SNES.o
 .debug_aranges
                0x000000c0       0x28 build/main.o
 .debug_aranges
                0x000000e8       0x20 build/rules.o
 .debug_aranges
                0x00000108       0x20 uart.o
 .debug_aranges
                0x00000128       0x20 gpio.o

.debug_ranges   0x00000000       0x20
 .debug_ranges  0x00000000       0x20 build/main.o
