
Memory Configuration

Name             Origin             Length             Attributes
*default*        0x00000000         0xffffffff

Linker script and memory map

LOAD build/controls.o
LOAD build/_quitbutton.o
LOAD build/jtag.o
LOAD build/framebuffer.o
LOAD build/_flappy.o
LOAD build/move.o
LOAD build/_sky.o
LOAD build/draw.o
LOAD build/_playbutton.o
LOAD build/_creators.o
LOAD build/main.o
LOAD build/_cursor.o
LOAD build/_pipeupTop.o
LOAD build/_pipeUp.o
LOAD build/uptostart.o
LOAD build/SNES.o
LOAD build/background.o
LOAD build/_logo.o
LOAD uart.o
LOAD gpio.o

.init           0x00008000        0x4
 *(.init)
 .init          0x00008000        0x4 build/main.o
                0x00008000                _start

.data           0x00009080   0x1f4f64
 *(.data)
 .data          0x00009080        0x0 build/controls.o
 .data          0x00009080     0x8ca0 build/_quitbutton.o
                0x00009080                quitButton
 .data          0x00011d20        0x0 build/jtag.o
 .data          0x00011d20       0x70 build/framebuffer.o
                0x00011d80                FrameBufferPointer
 .data          0x00011d90      0xdac build/_flappy.o
                0x00011d90                flappy
 .data          0x00012b3c        0x0 build/move.o
 .data          0x00012b3c     0x4e20 build/_sky.o
                0x00012b3c                sky
 .data          0x0001795c        0x0 build/draw.o
 .data          0x0001795c     0x8ca0 build/_playbutton.o
                0x0001795c                playButton
 .data          0x000205fc     0x8ca0 build/_creators.o
                0x000205fc                creatorsNames
 .data          0x0002929c        0x0 build/main.o
 .data          0x0002929c     0x4e20 build/_cursor.o
                0x0002929c                cursor
 .data          0x0002e0bc     0x1988 build/_pipeupTop.o
                0x0002e0bc                pipeupTop
 .data          0x0002fa44     0x3200 build/_pipeUp.o
                0x0002fa44                pipeUp
 .data          0x00032c44    0x16da0 build/uptostart.o
                0x00032c44                uptoStart
 .data          0x000499e4        0x0 build/SNES.o
 .data          0x000499e4   0x185800 build/background.o
                0x000499e4                background
                0x001c99e4                ground
 .data          0x001cf1e4    0x2ee00 build/_logo.o
                0x001cf1e4                logo
 .data          0x001fdfe4        0x0 uart.o
 .data          0x001fdfe4        0x0 gpio.o
 *.c.o(*)

.igot.plt       0x001fdfe4        0x0
 .igot.plt      0x00000000        0x0 build/controls.o

.text           0x001fdfe4      0xa80
 *.c.o(.text)
 *(.text)
 .text          0x001fdfe4       0xd4 build/controls.o
                0x001fdfe4                menuControls
                0x001fe05c                waitforUp
                0x001fe080                startMove
 .text          0x001fe0b8        0x0 build/_quitbutton.o
 .text          0x001fe0b8       0x8c build/jtag.o
                0x001fe0b8                EnableJTAG
 .text          0x001fe144       0x80 build/framebuffer.o
                0x001fe144                InitFrameBuffer
 .text          0x001fe1c4        0x0 build/_flappy.o
 .text          0x001fe1c4       0x3c build/move.o
                0x001fe1c4                upFlappy
                0x001fe1d0                moveFlappy
 .text          0x001fe200        0x0 build/_sky.o
 .text          0x001fe200      0x3cc build/draw.o
                0x001fe200                clearScreen
                0x001fe274                drawImage
                0x001fe374                drawCursorPlay
                0x001fe398                drawCursorQuit
                0x001fe3bc                clearCursorPlay
                0x001fe3e0                clearCursorQuit
                0x001fe404                drawFlappy
                0x001fe428                drawuptoStart
                0x001fe44c                clearuptoStart
                0x001fe4e8                drawMenu
                0x001fe50c                firstLevel
 .text          0x001fe5cc        0x0 build/_playbutton.o
 .text          0x001fe5cc        0x0 build/_creators.o
 .text          0x001fe5cc       0x24 build/main.o
                0x001fe5e8                haltLoop$
 .text          0x001fe5f0        0x0 build/_cursor.o
 .text          0x001fe5f0        0x0 build/_pipeupTop.o
 .text          0x001fe5f0        0x0 build/_pipeUp.o
 .text          0x001fe5f0        0x0 build/uptostart.o
 .text          0x001fe5f0      0x1e4 build/SNES.o
                0x001fe5f0                Init_GPIO
                0x001fe70c                Read_SNES
 .text          0x001fe7d4        0x0 build/background.o
 .text          0x001fe7d4        0x0 build/_logo.o
 .text          0x001fe7d4      0x1b8 uart.o
                0x001fe7d4                InitUART
                0x001fe894                PutCharUART
                0x001fe8b0                GetCharUART
                0x001fe8cc                WriteStringUART
                0x001fe8fc                ReadLineUART
 .text          0x001fe98c       0xd8 gpio.o
                0x001fe98c                GetGpioAddress
                0x001fe994                SetGpioFunction
                0x001fe9e0                SetGpio
                0x001fea1c                GetGpio
OUTPUT(build/output.elf elf32-littlearm)

.glue_7         0x001fea64        0x0
 .glue_7        0x00000000        0x0 linker stubs

.glue_7t        0x001fea64        0x0
 .glue_7t       0x00000000        0x0 linker stubs

.vfp11_veneer   0x001fea64        0x0
 .vfp11_veneer  0x00000000        0x0 linker stubs

.v4_bx          0x001fea64        0x0
 .v4_bx         0x00000000        0x0 linker stubs

.iplt           0x001fea64        0x0
 .iplt          0x00000000        0x0 build/controls.o

.rel.dyn        0x001fea64        0x0
 .rel.iplt      0x00000000        0x0 build/controls.o

.bss            0x001fea64        0x0
 .bss           0x001fea64        0x0 build/controls.o
 .bss           0x001fea64        0x0 build/_quitbutton.o
 .bss           0x001fea64        0x0 build/jtag.o
 .bss           0x001fea64        0x0 build/framebuffer.o
 .bss           0x001fea64        0x0 build/_flappy.o
 .bss           0x001fea64        0x0 build/move.o
 .bss           0x001fea64        0x0 build/_sky.o
 .bss           0x001fea64        0x0 build/draw.o
 .bss           0x001fea64        0x0 build/_playbutton.o
 .bss           0x001fea64        0x0 build/_creators.o
 .bss           0x001fea64        0x0 build/main.o
 .bss           0x001fea64        0x0 build/_cursor.o
 .bss           0x001fea64        0x0 build/_pipeupTop.o
 .bss           0x001fea64        0x0 build/_pipeUp.o
 .bss           0x001fea64        0x0 build/uptostart.o
 .bss           0x001fea64        0x0 build/SNES.o
 .bss           0x001fea64        0x0 build/background.o
 .bss           0x001fea64        0x0 build/_logo.o
 .bss           0x001fea64        0x0 uart.o
 .bss           0x001fea64        0x0 gpio.o

.ARM.attributes
                0x00000000       0x29
 .ARM.attributes
                0x00000000       0x29 build/controls.o
 .ARM.attributes
                0x00000029       0x29 build/_quitbutton.o
 .ARM.attributes
                0x00000052       0x29 build/jtag.o
 .ARM.attributes
                0x0000007b       0x29 build/framebuffer.o
 .ARM.attributes
                0x000000a4       0x29 build/_flappy.o
 .ARM.attributes
                0x000000cd       0x29 build/move.o
 .ARM.attributes
                0x000000f6       0x29 build/_sky.o
 .ARM.attributes
                0x0000011f       0x29 build/draw.o
 .ARM.attributes
                0x00000148       0x29 build/_playbutton.o
 .ARM.attributes
                0x00000171       0x29 build/_creators.o
 .ARM.attributes
                0x0000019a       0x29 build/main.o
 .ARM.attributes
                0x000001c3       0x29 build/_cursor.o
 .ARM.attributes
                0x000001ec       0x29 build/_pipeupTop.o
 .ARM.attributes
                0x00000215       0x29 build/_pipeUp.o
 .ARM.attributes
                0x0000023e       0x29 build/uptostart.o
 .ARM.attributes
                0x00000267       0x29 build/SNES.o
 .ARM.attributes
                0x00000290       0x29 build/background.o
 .ARM.attributes
                0x000002b9       0x29 build/_logo.o
 .ARM.attributes
                0x000002e2       0x29 uart.o
 .ARM.attributes
                0x0000030b       0x29 gpio.o

.debug_line     0x00000000      0x514
 .debug_line    0x00000000       0x76 build/controls.o
 .debug_line    0x00000076       0x61 build/jtag.o
 .debug_line    0x000000d7       0x67 build/framebuffer.o
 .debug_line    0x0000013e       0x4b build/move.o
 .debug_line    0x00000189      0x14d build/draw.o
 .debug_line    0x000002d6       0x52 build/main.o
 .debug_line    0x00000328       0xbc build/SNES.o
 .debug_line    0x000003e4       0xb7 uart.o
 .debug_line    0x0000049b       0x79 gpio.o

.debug_info     0x00000000      0x3f6
 .debug_info    0x00000000       0x76 build/controls.o
 .debug_info    0x00000076       0x77 build/jtag.o
 .debug_info    0x000000ed       0x6b build/framebuffer.o
 .debug_info    0x00000158       0x72 build/move.o
 .debug_info    0x000001ca       0x72 build/draw.o
 .debug_info    0x0000023c       0x6e build/main.o
 .debug_info    0x000002aa       0x72 build/SNES.o
 .debug_info    0x0000031c       0x6d uart.o
 .debug_info    0x00000389       0x6d gpio.o

.debug_abbrev   0x00000000       0xb2
 .debug_abbrev  0x00000000       0x14 build/controls.o
 .debug_abbrev  0x00000014       0x14 build/jtag.o
 .debug_abbrev  0x00000028       0x14 build/framebuffer.o
 .debug_abbrev  0x0000003c       0x14 build/move.o
 .debug_abbrev  0x00000050       0x14 build/draw.o
 .debug_abbrev  0x00000064       0x12 build/main.o
 .debug_abbrev  0x00000076       0x14 build/SNES.o
 .debug_abbrev  0x0000008a       0x14 uart.o
 .debug_abbrev  0x0000009e       0x14 gpio.o

.debug_aranges  0x00000000      0x128
 .debug_aranges
                0x00000000       0x20 build/controls.o
 .debug_aranges
                0x00000020       0x20 build/jtag.o
 .debug_aranges
                0x00000040       0x20 build/framebuffer.o
 .debug_aranges
                0x00000060       0x20 build/move.o
 .debug_aranges
                0x00000080       0x20 build/draw.o
 .debug_aranges
                0x000000a0       0x28 build/main.o
 .debug_aranges
                0x000000c8       0x20 build/SNES.o
 .debug_aranges
                0x000000e8       0x20 uart.o
 .debug_aranges
                0x00000108       0x20 gpio.o

.debug_ranges   0x00000000       0x20
 .debug_ranges  0x00000000       0x20 build/main.o
