
Memory Configuration

Name             Origin             Length             Attributes
*default*        0x00000000         0xffffffff

Linker script and memory map

LOAD build/sky.o
LOAD build/controls.o
LOAD build/playbutton.o
LOAD build/jtag.o
LOAD build/framebuffer.o
LOAD build/cursor.o
LOAD build/draw.o
LOAD build/creators.o
LOAD build/main.o
LOAD build/flappy.o
LOAD build/SNES.o
LOAD build/quit.o
LOAD build/background.o
LOAD build/logo.o
LOAD uart.o
LOAD gpio.o

.init           0x00008000        0x4
 *(.init)
 .init          0x00008000        0x4 build/main.o
                0x00008000                _start

.data           0x00009080   0x1d963c
 *(.data)
 .data          0x00009080     0x4e20 build/sky.o
                0x00009080                sky
 .data          0x0000dea0        0x0 build/controls.o
 .data          0x0000dea0     0x8ca0 build/playbutton.o
                0x0000dea0                playButton
 .data          0x00016b40        0x0 build/jtag.o
 .data          0x00016b40       0x70 build/framebuffer.o
                0x00016ba0                FrameBufferPointer
 .data          0x00016bb0     0x4e20 build/cursor.o
                0x00016bb0                cursor
 .data          0x0001b9d0        0x0 build/draw.o
 .data          0x0001b9d0     0x8ca0 build/creators.o
                0x0001b9d0                creatorsNames
 .data          0x00024670        0x0 build/main.o
 .data          0x00024670      0xdac build/flappy.o
                0x00024670                flappy
 .data          0x0002541c        0x0 build/SNES.o
 .data          0x0002541c     0x8ca0 build/quit.o
                0x0002541c                quitButton
 .data          0x0002e0bc   0x185800 build/background.o
                0x0002e0bc                background
                0x001ae0bc                ground
 .data          0x001b38bc    0x2ee00 build/logo.o
                0x001b38bc                logo
 .data          0x001e26bc        0x0 uart.o
 .data          0x001e26bc        0x0 gpio.o
 *.c.o(*)

.igot.plt       0x001e26bc        0x0
 .igot.plt      0x00000000        0x0 build/controls.o

.text           0x001e26bc      0x8c0
 *.c.o(.text)
 *(.text)
 .text          0x001e26bc        0x0 build/sky.o
 .text          0x001e26bc       0x8c build/controls.o
                0x001e26bc                menuControls
 .text          0x001e2748        0x0 build/playbutton.o
 .text          0x001e2748       0x8c build/jtag.o
                0x001e2748                EnableJTAG
 .text          0x001e27d4       0x80 build/framebuffer.o
                0x001e27d4                InitFrameBuffer
 .text          0x001e2854        0x0 build/cursor.o
 .text          0x001e2854      0x290 build/draw.o
                0x001e2854                clearScreen
                0x001e28c8                drawImage
                0x001e29c8                drawCursorPlay
                0x001e29ec                drawCursorQuit
                0x001e2a10                clearCursorPlay
                0x001e2a34                clearCursorQuit
                0x001e2a58                drawFlappy
                0x001e2a7c                drawMenu
                0x001e2aa0                drawBird
 .text          0x001e2ae4        0x0 build/creators.o
 .text          0x001e2ae4       0x24 build/main.o
                0x001e2b00                haltLoop$
 .text          0x001e2b08        0x0 build/flappy.o
 .text          0x001e2b08      0x1e4 build/SNES.o
                0x001e2b08                Init_GPIO
                0x001e2c24                Read_SNES
 .text          0x001e2cec        0x0 build/quit.o
 .text          0x001e2cec        0x0 build/background.o
 .text          0x001e2cec        0x0 build/logo.o
 .text          0x001e2cec      0x1b8 uart.o
                0x001e2cec                InitUART
                0x001e2dac                PutCharUART
                0x001e2dc8                GetCharUART
                0x001e2de4                WriteStringUART
                0x001e2e14                ReadLineUART
 .text          0x001e2ea4       0xd8 gpio.o
                0x001e2ea4                GetGpioAddress
                0x001e2eac                SetGpioFunction
                0x001e2ef8                SetGpio
                0x001e2f34                GetGpio
OUTPUT(build/output.elf elf32-littlearm)

.glue_7         0x001e2f7c        0x0
 .glue_7        0x00000000        0x0 linker stubs

.glue_7t        0x001e2f7c        0x0
 .glue_7t       0x00000000        0x0 linker stubs

.vfp11_veneer   0x001e2f7c        0x0
 .vfp11_veneer  0x00000000        0x0 linker stubs

.v4_bx          0x001e2f7c        0x0
 .v4_bx         0x00000000        0x0 linker stubs

.iplt           0x001e2f7c        0x0
 .iplt          0x00000000        0x0 build/controls.o

.rel.dyn        0x001e2f7c        0x0
 .rel.iplt      0x00000000        0x0 build/controls.o

.bss            0x001e2f7c        0x0
 .bss           0x001e2f7c        0x0 build/sky.o
 .bss           0x001e2f7c        0x0 build/controls.o
 .bss           0x001e2f7c        0x0 build/playbutton.o
 .bss           0x001e2f7c        0x0 build/jtag.o
 .bss           0x001e2f7c        0x0 build/framebuffer.o
 .bss           0x001e2f7c        0x0 build/cursor.o
 .bss           0x001e2f7c        0x0 build/draw.o
 .bss           0x001e2f7c        0x0 build/creators.o
 .bss           0x001e2f7c        0x0 build/main.o
 .bss           0x001e2f7c        0x0 build/flappy.o
 .bss           0x001e2f7c        0x0 build/SNES.o
 .bss           0x001e2f7c        0x0 build/quit.o
 .bss           0x001e2f7c        0x0 build/background.o
 .bss           0x001e2f7c        0x0 build/logo.o
 .bss           0x001e2f7c        0x0 uart.o
 .bss           0x001e2f7c        0x0 gpio.o

.ARM.attributes
                0x00000000       0x29
 .ARM.attributes
                0x00000000       0x29 build/sky.o
 .ARM.attributes
                0x00000029       0x29 build/controls.o
 .ARM.attributes
                0x00000052       0x29 build/playbutton.o
 .ARM.attributes
                0x0000007b       0x29 build/jtag.o
 .ARM.attributes
                0x000000a4       0x29 build/framebuffer.o
 .ARM.attributes
                0x000000cd       0x29 build/cursor.o
 .ARM.attributes
                0x000000f6       0x29 build/draw.o
 .ARM.attributes
                0x0000011f       0x29 build/creators.o
 .ARM.attributes
                0x00000148       0x29 build/main.o
 .ARM.attributes
                0x00000171       0x29 build/flappy.o
 .ARM.attributes
                0x0000019a       0x29 build/SNES.o
 .ARM.attributes
                0x000001c3       0x29 build/quit.o
 .ARM.attributes
                0x000001ec       0x29 build/background.o
 .ARM.attributes
                0x00000215       0x29 build/logo.o
 .ARM.attributes
                0x0000023e       0x29 uart.o
 .ARM.attributes
                0x00000267       0x29 gpio.o

.debug_line     0x00000000      0x45e
 .debug_line    0x00000000       0x63 build/controls.o
 .debug_line    0x00000063       0x61 build/jtag.o
 .debug_line    0x000000c4       0x67 build/framebuffer.o
 .debug_line    0x0000012b       0xf5 build/draw.o
 .debug_line    0x00000220       0x52 build/main.o
 .debug_line    0x00000272       0xbc build/SNES.o
 .debug_line    0x0000032e       0xb7 uart.o
 .debug_line    0x000003e5       0x79 gpio.o

.debug_info     0x00000000      0x384
 .debug_info    0x00000000       0x76 build/controls.o
 .debug_info    0x00000076       0x77 build/jtag.o
 .debug_info    0x000000ed       0x6b build/framebuffer.o
 .debug_info    0x00000158       0x72 build/draw.o
 .debug_info    0x000001ca       0x6e build/main.o
 .debug_info    0x00000238       0x72 build/SNES.o
 .debug_info    0x000002aa       0x6d uart.o
 .debug_info    0x00000317       0x6d gpio.o

.debug_abbrev   0x00000000       0x9e
 .debug_abbrev  0x00000000       0x14 build/controls.o
 .debug_abbrev  0x00000014       0x14 build/jtag.o
 .debug_abbrev  0x00000028       0x14 build/framebuffer.o
 .debug_abbrev  0x0000003c       0x14 build/draw.o
 .debug_abbrev  0x00000050       0x12 build/main.o
 .debug_abbrev  0x00000062       0x14 build/SNES.o
 .debug_abbrev  0x00000076       0x14 uart.o
 .debug_abbrev  0x0000008a       0x14 gpio.o

.debug_aranges  0x00000000      0x108
 .debug_aranges
                0x00000000       0x20 build/controls.o
 .debug_aranges
                0x00000020       0x20 build/jtag.o
 .debug_aranges
                0x00000040       0x20 build/framebuffer.o
 .debug_aranges
                0x00000060       0x20 build/draw.o
 .debug_aranges
                0x00000080       0x28 build/main.o
 .debug_aranges
                0x000000a8       0x20 build/SNES.o
 .debug_aranges
                0x000000c8       0x20 uart.o
 .debug_aranges
                0x000000e8       0x20 gpio.o

.debug_ranges   0x00000000       0x20
 .debug_ranges  0x00000000       0x20 build/main.o
